Archive member included because of file (symbol)

c:/winavr-20100110/bin/../lib/gcc/avr/4.3.3/avr5\libgcc.a(_mulsi3.o)
                              ./MCAL/6-TIMER/TIMER_program.o (__mulsi3)
c:/winavr-20100110/bin/../lib/gcc/avr/4.3.3/avr5\libgcc.a(_udivmodhi4.o)
                              ./MCAL/6-TIMER/TIMER_program.o (__udivmodhi4)
c:/winavr-20100110/bin/../lib/gcc/avr/4.3.3/avr5\libgcc.a(_udivmodsi4.o)
                              ./MCAL/6-TIMER/TIMER_program.o (__udivmodsi4)
c:/winavr-20100110/bin/../lib/gcc/avr/4.3.3/avr5\libgcc.a(_divmodsi4.o)
                              ./LIB/MATH_HELPER.o (__divmodsi4)
c:/winavr-20100110/bin/../lib/gcc/avr/4.3.3/avr5\libgcc.a(_exit.o)
                              c:/winavr-20100110/bin/../lib/gcc/avr/4.3.3/../../../../avr/lib/avr5/crtm16.o (exit)
c:/winavr-20100110/bin/../lib/gcc/avr/4.3.3/avr5\libgcc.a(_copy_data.o)
                              ./MCAL/6-TIMER/TIMER_program.o (__do_copy_data)
c:/winavr-20100110/bin/../lib/gcc/avr/4.3.3/avr5\libgcc.a(_clear_bss.o)
                              ./MCAL/6-TIMER/TIMER_program.o (__do_clear_bss)
c:/winavr-20100110/bin/../lib/gcc/avr/4.3.3/avr5\libgcc.a(_fixunssfsi.o)
                              ./HAL/CLCD/CLCD_program.o (__fixunssfsi)
c:/winavr-20100110/bin/../lib/gcc/avr/4.3.3/avr5\libgcc.a(_addsub_sf.o)
                              c:/winavr-20100110/bin/../lib/gcc/avr/4.3.3/avr5\libgcc.a(_fixunssfsi.o) (__subsf3)
c:/winavr-20100110/bin/../lib/gcc/avr/4.3.3/avr5\libgcc.a(_mul_sf.o)
                              ./HAL/CLCD/CLCD_program.o (__mulsf3)
c:/winavr-20100110/bin/../lib/gcc/avr/4.3.3/avr5\libgcc.a(_gt_sf.o)
                              ./HAL/CLCD/CLCD_program.o (__gtsf2)
c:/winavr-20100110/bin/../lib/gcc/avr/4.3.3/avr5\libgcc.a(_ge_sf.o)
                              c:/winavr-20100110/bin/../lib/gcc/avr/4.3.3/avr5\libgcc.a(_fixunssfsi.o) (__gesf2)
c:/winavr-20100110/bin/../lib/gcc/avr/4.3.3/avr5\libgcc.a(_lt_sf.o)
                              ./HAL/CLCD/CLCD_program.o (__ltsf2)
c:/winavr-20100110/bin/../lib/gcc/avr/4.3.3/avr5\libgcc.a(_sf_to_si.o)
                              c:/winavr-20100110/bin/../lib/gcc/avr/4.3.3/avr5\libgcc.a(_fixunssfsi.o) (__fixsfsi)
c:/winavr-20100110/bin/../lib/gcc/avr/4.3.3/avr5\libgcc.a(_thenan_sf.o)
                              c:/winavr-20100110/bin/../lib/gcc/avr/4.3.3/avr5\libgcc.a(_addsub_sf.o) (__thenan_sf)
c:/winavr-20100110/bin/../lib/gcc/avr/4.3.3/avr5\libgcc.a(_prologue.o)
                              c:/winavr-20100110/bin/../lib/gcc/avr/4.3.3/avr5\libgcc.a(_addsub_sf.o) (__prologue_saves__)
c:/winavr-20100110/bin/../lib/gcc/avr/4.3.3/avr5\libgcc.a(_epilogue.o)
                              c:/winavr-20100110/bin/../lib/gcc/avr/4.3.3/avr5\libgcc.a(_addsub_sf.o) (__epilogue_restores__)
c:/winavr-20100110/bin/../lib/gcc/avr/4.3.3/avr5\libgcc.a(_pack_sf.o)
                              c:/winavr-20100110/bin/../lib/gcc/avr/4.3.3/avr5\libgcc.a(_addsub_sf.o) (__pack_f)
c:/winavr-20100110/bin/../lib/gcc/avr/4.3.3/avr5\libgcc.a(_unpack_sf.o)
                              c:/winavr-20100110/bin/../lib/gcc/avr/4.3.3/avr5\libgcc.a(_addsub_sf.o) (__unpack_f)
c:/winavr-20100110/bin/../lib/gcc/avr/4.3.3/avr5\libgcc.a(_fpcmp_parts_sf.o)
                              c:/winavr-20100110/bin/../lib/gcc/avr/4.3.3/avr5\libgcc.a(_gt_sf.o) (__fpcmp_parts_f)

Memory Configuration

Name             Origin             Length             Attributes
text             0x00000000         0x00020000         xr
data             0x00800060         0x0000ffa0         rw !x
eeprom           0x00810000         0x00010000         rw !x
fuse             0x00820000         0x00000400         rw !x
lock             0x00830000         0x00000400         rw !x
signature        0x00840000         0x00000400         rw !x
*default*        0x00000000         0xffffffff

Linker script and memory map

LOAD c:/winavr-20100110/bin/../lib/gcc/avr/4.3.3/../../../../avr/lib/avr5/crtm16.o
LOAD ./MCAL/7-WATCHDOG/WDT_program.o
LOAD ./MCAL/6-TIMER/TIMER_program.o
LOAD ./MCAL/5-ADC/ADC_program.o
LOAD ./MCAL/4-GIE/GIE_program.o
LOAD ./MCAL/3-EXTI/EXTI_program.o
LOAD ./MCAL/2-PORT/PORT_program.o
LOAD ./MCAL/1-DIO/DIO_Program.o
LOAD ./LIB/MATH_HELPER.o
LOAD ./HAL/KPD/KPD_program.o
LOAD ./HAL/CLCD/CLCD_program.o
LOAD ./main.o
LOAD c:/winavr-20100110/bin/../lib/gcc/avr/4.3.3/avr5\libgcc.a
LOAD c:/winavr-20100110/bin/../lib/gcc/avr/4.3.3/../../../../avr/lib/avr5\libc.a
LOAD c:/winavr-20100110/bin/../lib/gcc/avr/4.3.3/avr5\libgcc.a

.hash
 *(.hash)

.dynsym
 *(.dynsym)

.dynstr
 *(.dynstr)

.gnu.version
 *(.gnu.version)

.gnu.version_d
 *(.gnu.version_d)

.gnu.version_r
 *(.gnu.version_r)

.rel.init
 *(.rel.init)

.rela.init
 *(.rela.init)

.rel.text
 *(.rel.text)
 *(.rel.text.*)
 *(.rel.gnu.linkonce.t*)

.rela.text
 *(.rela.text)
 *(.rela.text.*)
 *(.rela.gnu.linkonce.t*)

.rel.fini
 *(.rel.fini)

.rela.fini
 *(.rela.fini)

.rel.rodata
 *(.rel.rodata)
 *(.rel.rodata.*)
 *(.rel.gnu.linkonce.r*)

.rela.rodata
 *(.rela.rodata)
 *(.rela.rodata.*)
 *(.rela.gnu.linkonce.r*)

.rel.data
 *(.rel.data)
 *(.rel.data.*)
 *(.rel.gnu.linkonce.d*)

.rela.data
 *(.rela.data)
 *(.rela.data.*)
 *(.rela.gnu.linkonce.d*)

.rel.ctors
 *(.rel.ctors)

.rela.ctors
 *(.rela.ctors)

.rel.dtors
 *(.rel.dtors)

.rela.dtors
 *(.rela.dtors)

.rel.got
 *(.rel.got)

.rela.got
 *(.rela.got)

.rel.bss
 *(.rel.bss)

.rela.bss
 *(.rela.bss)

.rel.plt
 *(.rel.plt)

.rela.plt
 *(.rela.plt)

.text           0x00000000     0x3a18
 *(.vectors)
 .vectors       0x00000000       0x54 c:/winavr-20100110/bin/../lib/gcc/avr/4.3.3/../../../../avr/lib/avr5/crtm16.o
                0x00000000                __vectors
                0x00000000                __vector_default
 *(.vectors)
 *(.progmem.gcc*)
 *(.progmem*)
                0x00000054                . = ALIGN (0x2)
                0x00000054                __trampolines_start = .
 *(.trampolines)
 .trampolines   0x00000054        0x0 linker stubs
 *(.trampolines*)
                0x00000054                __trampolines_end = .
 *(.jumptables)
 *(.jumptables*)
 *(.lowtext)
 *(.lowtext*)
                0x00000054                __ctors_start = .
 *(.ctors)
                0x00000054                __ctors_end = .
                0x00000054                __dtors_start = .
 *(.dtors)
                0x00000054                __dtors_end = .
 SORT(*)(.ctors)
 SORT(*)(.dtors)
 *(.init0)
 .init0         0x00000054        0x0 c:/winavr-20100110/bin/../lib/gcc/avr/4.3.3/../../../../avr/lib/avr5/crtm16.o
                0x00000054                __init
 *(.init0)
 *(.init1)
 *(.init1)
 *(.init2)
 .init2         0x00000054        0xc c:/winavr-20100110/bin/../lib/gcc/avr/4.3.3/../../../../avr/lib/avr5/crtm16.o
 *(.init2)
 *(.init3)
 *(.init3)
 *(.init4)
 .init4         0x00000060       0x16 c:/winavr-20100110/bin/../lib/gcc/avr/4.3.3/avr5\libgcc.a(_copy_data.o)
                0x00000060                __do_copy_data
 .init4         0x00000076       0x10 c:/winavr-20100110/bin/../lib/gcc/avr/4.3.3/avr5\libgcc.a(_clear_bss.o)
                0x00000076                __do_clear_bss
 *(.init4)
 *(.init5)
 *(.init5)
 *(.init6)
 *(.init6)
 *(.init7)
 *(.init7)
 *(.init8)
 *(.init8)
 *(.init9)
 .init9         0x00000086        0x8 c:/winavr-20100110/bin/../lib/gcc/avr/4.3.3/../../../../avr/lib/avr5/crtm16.o
 *(.init9)
 *(.text)
 .text          0x0000008e        0x4 c:/winavr-20100110/bin/../lib/gcc/avr/4.3.3/../../../../avr/lib/avr5/crtm16.o
                0x0000008e                __vector_12
                0x0000008e                __bad_interrupt
                0x0000008e                __vector_13
                0x0000008e                __vector_17
                0x0000008e                __vector_19
                0x0000008e                __vector_15
                0x0000008e                __vector_14
                0x0000008e                __vector_18
                0x0000008e                __vector_20
 .text          0x00000092        0x0 ./MCAL/7-WATCHDOG/WDT_program.o
 .text          0x00000092        0x0 ./MCAL/6-TIMER/TIMER_program.o
 .text          0x00000092        0x0 ./MCAL/5-ADC/ADC_program.o
 .text          0x00000092        0x0 ./MCAL/4-GIE/GIE_program.o
 .text          0x00000092        0x0 ./MCAL/3-EXTI/EXTI_program.o
 .text          0x00000092        0x0 ./MCAL/2-PORT/PORT_program.o
 .text          0x00000092        0x0 ./MCAL/1-DIO/DIO_Program.o
 .text          0x00000092        0x0 ./LIB/MATH_HELPER.o
 .text          0x00000092        0x0 ./HAL/KPD/KPD_program.o
 .text          0x00000092        0x0 ./HAL/CLCD/CLCD_program.o
 .text          0x00000092        0x0 ./main.o
 .text          0x00000092        0x0 c:/winavr-20100110/bin/../lib/gcc/avr/4.3.3/avr5\libgcc.a(_mulsi3.o)
 .text          0x00000092        0x0 c:/winavr-20100110/bin/../lib/gcc/avr/4.3.3/avr5\libgcc.a(_udivmodhi4.o)
 .text          0x00000092        0x0 c:/winavr-20100110/bin/../lib/gcc/avr/4.3.3/avr5\libgcc.a(_udivmodsi4.o)
 .text          0x00000092        0x0 c:/winavr-20100110/bin/../lib/gcc/avr/4.3.3/avr5\libgcc.a(_divmodsi4.o)
 .text          0x00000092        0x0 c:/winavr-20100110/bin/../lib/gcc/avr/4.3.3/avr5\libgcc.a(_exit.o)
 .text          0x00000092        0x0 c:/winavr-20100110/bin/../lib/gcc/avr/4.3.3/avr5\libgcc.a(_copy_data.o)
 .text          0x00000092        0x0 c:/winavr-20100110/bin/../lib/gcc/avr/4.3.3/avr5\libgcc.a(_clear_bss.o)
 .text          0x00000092       0x58 c:/winavr-20100110/bin/../lib/gcc/avr/4.3.3/avr5\libgcc.a(_fixunssfsi.o)
                0x00000092                __fixunssfsi
 .text          0x000000ea      0x354 c:/winavr-20100110/bin/../lib/gcc/avr/4.3.3/avr5\libgcc.a(_addsub_sf.o)
                0x00000382                __subsf3
                0x000003e4                __addsf3
 .text          0x0000043e      0x1f4 c:/winavr-20100110/bin/../lib/gcc/avr/4.3.3/avr5\libgcc.a(_mul_sf.o)
                0x0000043e                __mulsf3
 .text          0x00000632       0x60 c:/winavr-20100110/bin/../lib/gcc/avr/4.3.3/avr5\libgcc.a(_gt_sf.o)
                0x00000632                __gtsf2
 .text          0x00000692       0x60 c:/winavr-20100110/bin/../lib/gcc/avr/4.3.3/avr5\libgcc.a(_ge_sf.o)
                0x00000692                __gesf2
 .text          0x000006f2       0x60 c:/winavr-20100110/bin/../lib/gcc/avr/4.3.3/avr5\libgcc.a(_lt_sf.o)
                0x000006f2                __ltsf2
 .text          0x00000752       0xa8 c:/winavr-20100110/bin/../lib/gcc/avr/4.3.3/avr5\libgcc.a(_sf_to_si.o)
                0x00000752                __fixsfsi
 .text          0x000007fa        0x0 c:/winavr-20100110/bin/../lib/gcc/avr/4.3.3/avr5\libgcc.a(_thenan_sf.o)
 .text          0x000007fa        0x0 c:/winavr-20100110/bin/../lib/gcc/avr/4.3.3/avr5\libgcc.a(_prologue.o)
 .text          0x000007fa        0x0 c:/winavr-20100110/bin/../lib/gcc/avr/4.3.3/avr5\libgcc.a(_epilogue.o)
 .text          0x000007fa      0x1aa c:/winavr-20100110/bin/../lib/gcc/avr/4.3.3/avr5\libgcc.a(_pack_sf.o)
                0x000007fa                __pack_f
 .text          0x000009a4       0xf0 c:/winavr-20100110/bin/../lib/gcc/avr/4.3.3/avr5\libgcc.a(_unpack_sf.o)
                0x000009a4                __unpack_f
 .text          0x00000a94       0xb2 c:/winavr-20100110/bin/../lib/gcc/avr/4.3.3/avr5\libgcc.a(_fpcmp_parts_sf.o)
                0x00000a94                __fpcmp_parts_f
                0x00000b46                . = ALIGN (0x2)
 *(.text.*)
 .text.WDT_voidSleep
                0x00000b46       0x32 ./MCAL/7-WATCHDOG/WDT_program.o
                0x00000b46                WDT_voidSleep
 .text.WDT_voidEnable
                0x00000b78       0x1c ./MCAL/7-WATCHDOG/WDT_program.o
                0x00000b78                WDT_voidEnable
 .text.WDT_voidDisable
                0x00000b94       0x22 ./MCAL/7-WATCHDOG/WDT_program.o
                0x00000b94                WDT_voidDisable
 .text.TIMER2_voidScheduleFunc
                0x00000bb6       0x9a ./MCAL/6-TIMER/TIMER_program.o
 .text.TIMER_u8SetTimerVal
                0x00000c50       0x96 ./MCAL/6-TIMER/TIMER_program.o
                0x00000c50                TIMER_u8SetTimerVal
 .text.TIMER_u8GetTimerVal
                0x00000ce6       0x8e ./MCAL/6-TIMER/TIMER_program.o
                0x00000ce6                TIMER_u8GetTimerVal
 .text.TIMER_u8SetCompMatch
                0x00000d74       0xbc ./MCAL/6-TIMER/TIMER_program.o
                0x00000d74                TIMER_u8SetCompMatch
 .text.TIMER_u8SetIntStatus
                0x00000e30      0x21a ./MCAL/6-TIMER/TIMER_program.o
                0x00000e30                TIMER_u8SetIntStatus
 .text.TIMER0_u8Init
                0x0000104a      0x196 ./MCAL/6-TIMER/TIMER_program.o
                0x0000104a                TIMER0_u8Init
 .text.TIMER0_delay_ms
                0x000011e0       0xfe ./MCAL/6-TIMER/TIMER_program.o
                0x000011e0                TIMER0_delay_ms
 .text.TIMER1_u8Init
                0x000012de      0x554 ./MCAL/6-TIMER/TIMER_program.o
                0x000012de                TIMER1_u8Init
 .text.TIMER1_voidSetTopValue
                0x00001832       0x24 ./MCAL/6-TIMER/TIMER_program.o
                0x00001832                TIMER1_voidSetTopValue
 .text.TIMER1_u8PWMGenerate
                0x00001856      0x176 ./MCAL/6-TIMER/TIMER_program.o
                0x00001856                TIMER1_u8PWMGenerate
 .text.TIMER2_u8Init
                0x000019cc      0x196 ./MCAL/6-TIMER/TIMER_program.o
                0x000019cc                TIMER2_u8Init
 .text.TIMER2_delay_ms
                0x00001b62       0xfe ./MCAL/6-TIMER/TIMER_program.o
                0x00001b62                TIMER2_delay_ms
 .text.TIMER2_delay_us
                0x00001c60      0x104 ./MCAL/6-TIMER/TIMER_program.o
                0x00001c60                TIMER2_delay_us
 .text.TIMER2_u8PWMGenerate
                0x00001d64       0x8e ./MCAL/6-TIMER/TIMER_program.o
                0x00001d64                TIMER2_u8PWMGenerate
 .text.TIMER2_u8Schedule
                0x00001df2      0x11c ./MCAL/6-TIMER/TIMER_program.o
                0x00001df2                TIMER2_u8Schedule
 .text.ICU_u8Init
                0x00001f0e       0x7e ./MCAL/6-TIMER/TIMER_program.o
                0x00001f0e                ICU_u8Init
 .text.ICU_u8SetEdge
                0x00001f8c       0x4a ./MCAL/6-TIMER/TIMER_program.o
                0x00001f8c                ICU_u8SetEdge
 .text.ICU_u16ReadInputCapture
                0x00001fd6       0x16 ./MCAL/6-TIMER/TIMER_program.o
                0x00001fd6                ICU_u16ReadInputCapture
 .text.TIMER_u8SetCallBack
                0x00001fec       0x4c ./MCAL/6-TIMER/TIMER_program.o
                0x00001fec                TIMER_u8SetCallBack
 .text.__vector_4
                0x00002038       0x66 ./MCAL/6-TIMER/TIMER_program.o
                0x00002038                __vector_4
 .text.__vector_5
                0x0000209e       0x66 ./MCAL/6-TIMER/TIMER_program.o
                0x0000209e                __vector_5
 .text.__vector_6
                0x00002104       0x66 ./MCAL/6-TIMER/TIMER_program.o
                0x00002104                __vector_6
 .text.__vector_7
                0x0000216a       0x66 ./MCAL/6-TIMER/TIMER_program.o
                0x0000216a                __vector_7
 .text.__vector_8
                0x000021d0       0x66 ./MCAL/6-TIMER/TIMER_program.o
                0x000021d0                __vector_8
 .text.__vector_9
                0x00002236       0x66 ./MCAL/6-TIMER/TIMER_program.o
                0x00002236                __vector_9
 .text.__vector_10
                0x0000229c       0x66 ./MCAL/6-TIMER/TIMER_program.o
                0x0000229c                __vector_10
 .text.__vector_11
                0x00002302       0x66 ./MCAL/6-TIMER/TIMER_program.o
                0x00002302                __vector_11
 .text.ADC_voidInit
                0x00002368       0x7e ./MCAL/5-ADC/ADC_program.o
                0x00002368                ADC_voidInit
 .text.ADC_u8StartConversionSynch
                0x000023e6       0xd0 ./MCAL/5-ADC/ADC_program.o
                0x000023e6                ADC_u8StartConversionSynch
 .text.ADC_u8StartConversionAsynch
                0x000024b6       0xb0 ./MCAL/5-ADC/ADC_program.o
                0x000024b6                ADC_u8StartConversionAsynch
 .text.ADC_u8StartChainConversionAsynch
                0x00002566       0xac ./MCAL/5-ADC/ADC_program.o
                0x00002566                ADC_u8StartChainConversionAsynch
 .text.ADC_u8StartChainConversionSynch
                0x00002612       0x92 ./MCAL/5-ADC/ADC_program.o
                0x00002612                ADC_u8StartChainConversionSynch
 .text.__vector_16
                0x000026a4      0x14e ./MCAL/5-ADC/ADC_program.o
                0x000026a4                __vector_16
 .text.GIE_voidEnable
                0x000027f2       0x1c ./MCAL/4-GIE/GIE_program.o
                0x000027f2                GIE_voidEnable
 .text.GIE_voidDisable
                0x0000280e       0x1c ./MCAL/4-GIE/GIE_program.o
                0x0000280e                GIE_voidDisable
 .text.EXTI_voidInt0Init
                0x0000282a       0x38 ./MCAL/3-EXTI/EXTI_program.o
                0x0000282a                EXTI_voidInt0Init
 .text.EXTI_voidInt1Init
                0x00002862       0x38 ./MCAL/3-EXTI/EXTI_program.o
                0x00002862                EXTI_voidInt1Init
 .text.EXTI_voidInt2Init
                0x0000289a       0x2a ./MCAL/3-EXTI/EXTI_program.o
                0x0000289a                EXTI_voidInt2Init
 .text.EXTI_u8Int0SetSenseControl
                0x000028c4      0x1f0 ./MCAL/3-EXTI/EXTI_program.o
                0x000028c4                EXTI_u8Int0SetSenseControl
 .text.EXTI_u8SetInterruptStatus
                0x00002ab4       0xc6 ./MCAL/3-EXTI/EXTI_program.o
                0x00002ab4                EXTI_u8SetInterruptStatus
 .text.EXTI_u8Int0SetCallBack
                0x00002b7a       0x3c ./MCAL/3-EXTI/EXTI_program.o
                0x00002b7a                EXTI_u8Int0SetCallBack
 .text.EXTI_u8Int1SetCallBack
                0x00002bb6       0x3c ./MCAL/3-EXTI/EXTI_program.o
                0x00002bb6                EXTI_u8Int1SetCallBack
 .text.EXTI_u8Int2SetCallBack
                0x00002bf2       0x3c ./MCAL/3-EXTI/EXTI_program.o
                0x00002bf2                EXTI_u8Int2SetCallBack
 .text.__vector_1
                0x00002c2e       0x66 ./MCAL/3-EXTI/EXTI_program.o
                0x00002c2e                __vector_1
 .text.__vector_2
                0x00002c94       0x66 ./MCAL/3-EXTI/EXTI_program.o
                0x00002c94                __vector_2
 .text.__vector_3
                0x00002cfa       0x66 ./MCAL/3-EXTI/EXTI_program.o
                0x00002cfa                __vector_3
 .text.PORT_voidInit
                0x00002d60       0x3e ./MCAL/2-PORT/PORT_program.o
                0x00002d60                PORT_voidInit
 .text.DIO_u8SetPinValue
                0x00002d9e      0x224 ./MCAL/1-DIO/DIO_Program.o
                0x00002d9e                DIO_u8SetPinValue
 .text.DIO_u8SetPORTValue
                0x00002fc2       0x90 ./MCAL/1-DIO/DIO_Program.o
                0x00002fc2                DIO_u8SetPORTValue
 .text.DIO_u8GetPinValue
                0x00003052      0x12c ./MCAL/1-DIO/DIO_Program.o
                0x00003052                DIO_u8GetPinValue
 .text.MATH_u32Power
                0x0000317e       0xb0 ./LIB/MATH_HELPER.o
                0x0000317e                MATH_u32Power
 .text.MATH_s32Map
                0x0000322e       0xf2 ./LIB/MATH_HELPER.o
                0x0000322e                MATH_s32Map
 .text.KPD_u8GetPressedKey
                0x00003320       0xf0 ./HAL/KPD/KPD_program.o
                0x00003320                KPD_u8GetPressedKey
 .text.CLCD_voidSendCommand
                0x00003410      0x13c ./HAL/CLCD/CLCD_program.o
                0x00003410                CLCD_voidSendCommand
 .text.CLCD_voidSendData
                0x0000354c      0x13c ./HAL/CLCD/CLCD_program.o
                0x0000354c                CLCD_voidSendData
 .text.CLCD_voidSendString
                0x00003688       0x52 ./HAL/CLCD/CLCD_program.o
                0x00003688                CLCD_voidSendString
 .text.CLCD_voidInit
                0x000036da      0x11c ./HAL/CLCD/CLCD_program.o
                0x000036da                CLCD_voidInit
 .text.CLCD_voidGoToXY
                0x000037f6       0x3c ./HAL/CLCD/CLCD_program.o
                0x000037f6                CLCD_voidGoToXY
 .text.CLCD_voidWriteSpecialCharacter
                0x00003832       0x82 ./HAL/CLCD/CLCD_program.o
                0x00003832                CLCD_voidWriteSpecialCharacter
 .text.main     0x000038b4       0x12 ./main.o
                0x000038b4                main
 .text.libgcc   0x000038c6       0x3e c:/winavr-20100110/bin/../lib/gcc/avr/4.3.3/avr5\libgcc.a(_mulsi3.o)
                0x000038c6                __mulsi3
 .text.libgcc   0x00003904       0x28 c:/winavr-20100110/bin/../lib/gcc/avr/4.3.3/avr5\libgcc.a(_udivmodhi4.o)
                0x00003904                __udivmodhi4
 .text.libgcc   0x0000392c       0x44 c:/winavr-20100110/bin/../lib/gcc/avr/4.3.3/avr5\libgcc.a(_udivmodsi4.o)
                0x0000392c                __udivmodsi4
 .text.libgcc   0x00003970       0x36 c:/winavr-20100110/bin/../lib/gcc/avr/4.3.3/avr5\libgcc.a(_divmodsi4.o)
                0x00003970                __divmodsi4
 .text.libgcc   0x000039a6        0x0 c:/winavr-20100110/bin/../lib/gcc/avr/4.3.3/avr5\libgcc.a(_exit.o)
 .text.libgcc   0x000039a6        0x0 c:/winavr-20100110/bin/../lib/gcc/avr/4.3.3/avr5\libgcc.a(_copy_data.o)
 .text.libgcc   0x000039a6        0x0 c:/winavr-20100110/bin/../lib/gcc/avr/4.3.3/avr5\libgcc.a(_clear_bss.o)
 .text.libgcc   0x000039a6       0x38 c:/winavr-20100110/bin/../lib/gcc/avr/4.3.3/avr5\libgcc.a(_prologue.o)
                0x000039a6                __prologue_saves__
 .text.libgcc   0x000039de       0x36 c:/winavr-20100110/bin/../lib/gcc/avr/4.3.3/avr5\libgcc.a(_epilogue.o)
                0x000039de                __epilogue_restores__
                0x00003a14                . = ALIGN (0x2)
 *(.fini9)
 .fini9         0x00003a14        0x0 c:/winavr-20100110/bin/../lib/gcc/avr/4.3.3/avr5\libgcc.a(_exit.o)
                0x00003a14                exit
                0x00003a14                _exit
 *(.fini9)
 *(.fini8)
 *(.fini8)
 *(.fini7)
 *(.fini7)
 *(.fini6)
 *(.fini6)
 *(.fini5)
 *(.fini5)
 *(.fini4)
 *(.fini4)
 *(.fini3)
 *(.fini3)
 *(.fini2)
 *(.fini2)
 *(.fini1)
 *(.fini1)
 *(.fini0)
 .fini0         0x00003a14        0x4 c:/winavr-20100110/bin/../lib/gcc/avr/4.3.3/avr5\libgcc.a(_exit.o)
 *(.fini0)
                0x00003a18                _etext = .

.data           0x00800060       0x34 load address 0x00003a18
                0x00800060                PROVIDE (__data_start, .)
 *(.data)
 .data          0x00800060        0x0 c:/winavr-20100110/bin/../lib/gcc/avr/4.3.3/../../../../avr/lib/avr5/crtm16.o
 .data          0x00800060        0x0 ./MCAL/7-WATCHDOG/WDT_program.o
 .data          0x00800060        0x0 ./MCAL/6-TIMER/TIMER_program.o
 .data          0x00800060        0x0 ./MCAL/5-ADC/ADC_program.o
 .data          0x00800060        0x0 ./MCAL/4-GIE/GIE_program.o
 .data          0x00800060        0x0 ./MCAL/3-EXTI/EXTI_program.o
 .data          0x00800060        0x0 ./MCAL/2-PORT/PORT_program.o
 .data          0x00800060        0x0 ./MCAL/1-DIO/DIO_Program.o
 .data          0x00800060        0x0 ./LIB/MATH_HELPER.o
 .data          0x00800060        0x0 ./HAL/KPD/KPD_program.o
 .data          0x00800060        0x0 ./HAL/CLCD/CLCD_program.o
 .data          0x00800060        0x0 ./main.o
 .data          0x00800060        0x0 c:/winavr-20100110/bin/../lib/gcc/avr/4.3.3/avr5\libgcc.a(_mulsi3.o)
 .data          0x00800060        0x0 c:/winavr-20100110/bin/../lib/gcc/avr/4.3.3/avr5\libgcc.a(_udivmodhi4.o)
 .data          0x00800060        0x0 c:/winavr-20100110/bin/../lib/gcc/avr/4.3.3/avr5\libgcc.a(_udivmodsi4.o)
 .data          0x00800060        0x0 c:/winavr-20100110/bin/../lib/gcc/avr/4.3.3/avr5\libgcc.a(_divmodsi4.o)
 .data          0x00800060        0x0 c:/winavr-20100110/bin/../lib/gcc/avr/4.3.3/avr5\libgcc.a(_exit.o)
 .data          0x00800060        0x0 c:/winavr-20100110/bin/../lib/gcc/avr/4.3.3/avr5\libgcc.a(_copy_data.o)
 .data          0x00800060        0x0 c:/winavr-20100110/bin/../lib/gcc/avr/4.3.3/avr5\libgcc.a(_clear_bss.o)
 .data          0x00800060        0x0 c:/winavr-20100110/bin/../lib/gcc/avr/4.3.3/avr5\libgcc.a(_fixunssfsi.o)
 .data          0x00800060        0x0 c:/winavr-20100110/bin/../lib/gcc/avr/4.3.3/avr5\libgcc.a(_addsub_sf.o)
 .data          0x00800060        0x0 c:/winavr-20100110/bin/../lib/gcc/avr/4.3.3/avr5\libgcc.a(_mul_sf.o)
 .data          0x00800060        0x0 c:/winavr-20100110/bin/../lib/gcc/avr/4.3.3/avr5\libgcc.a(_gt_sf.o)
 .data          0x00800060        0x0 c:/winavr-20100110/bin/../lib/gcc/avr/4.3.3/avr5\libgcc.a(_ge_sf.o)
 .data          0x00800060        0x0 c:/winavr-20100110/bin/../lib/gcc/avr/4.3.3/avr5\libgcc.a(_lt_sf.o)
 .data          0x00800060        0x0 c:/winavr-20100110/bin/../lib/gcc/avr/4.3.3/avr5\libgcc.a(_sf_to_si.o)
 .data          0x00800060        0x8 c:/winavr-20100110/bin/../lib/gcc/avr/4.3.3/avr5\libgcc.a(_thenan_sf.o)
                0x00800060                __thenan_sf
 .data          0x00800068        0x0 c:/winavr-20100110/bin/../lib/gcc/avr/4.3.3/avr5\libgcc.a(_prologue.o)
 .data          0x00800068        0x0 c:/winavr-20100110/bin/../lib/gcc/avr/4.3.3/avr5\libgcc.a(_epilogue.o)
 .data          0x00800068        0x0 c:/winavr-20100110/bin/../lib/gcc/avr/4.3.3/avr5\libgcc.a(_pack_sf.o)
 .data          0x00800068        0x0 c:/winavr-20100110/bin/../lib/gcc/avr/4.3.3/avr5\libgcc.a(_unpack_sf.o)
 .data          0x00800068        0x0 c:/winavr-20100110/bin/../lib/gcc/avr/4.3.3/avr5\libgcc.a(_fpcmp_parts_sf.o)
 *(.data*)
 .data.Local_u8KPDRowArr.1208
                0x00800068        0x4 ./HAL/KPD/KPD_program.o
 .data.Local_u8KPDColumnArr.1207
                0x0080006c        0x4 ./HAL/KPD/KPD_program.o
 .data.Local_u8KPDArr.1206
                0x00800070       0x10 ./HAL/KPD/KPD_program.o
 *(.rodata)
 *(.rodata*)
 .rodata.C.7.1576
                0x00800080        0x5 ./MCAL/6-TIMER/TIMER_program.o
 .rodata.C.9.2165
                0x00800085        0x5 ./MCAL/6-TIMER/TIMER_program.o
 .rodata.C.11.2200
                0x0080008a        0x5 ./MCAL/6-TIMER/TIMER_program.o
 .rodata.C.13.2255
                0x0080008f        0x5 ./MCAL/6-TIMER/TIMER_program.o
 *(.gnu.linkonce.d*)
                0x00800094                . = ALIGN (0x2)
                0x00800094                _edata = .
                0x00800094                PROVIDE (__data_end, .)

.bss            0x00800094       0x2a
                0x00800094                PROVIDE (__bss_start, .)
 *(.bss)
 .bss           0x00800094        0x0 c:/winavr-20100110/bin/../lib/gcc/avr/4.3.3/../../../../avr/lib/avr5/crtm16.o
 .bss           0x00800094        0x0 ./MCAL/7-WATCHDOG/WDT_program.o
 .bss           0x00800094        0x0 ./MCAL/6-TIMER/TIMER_program.o
 .bss           0x00800094        0x0 ./MCAL/5-ADC/ADC_program.o
 .bss           0x00800094        0x0 ./MCAL/4-GIE/GIE_program.o
 .bss           0x00800094        0x0 ./MCAL/3-EXTI/EXTI_program.o
 .bss           0x00800094        0x0 ./MCAL/2-PORT/PORT_program.o
 .bss           0x00800094        0x0 ./MCAL/1-DIO/DIO_Program.o
 .bss           0x00800094        0x0 ./LIB/MATH_HELPER.o
 .bss           0x00800094        0x0 ./HAL/KPD/KPD_program.o
 .bss           0x00800094        0x0 ./HAL/CLCD/CLCD_program.o
 .bss           0x00800094        0x0 ./main.o
 .bss           0x00800094        0x0 c:/winavr-20100110/bin/../lib/gcc/avr/4.3.3/avr5\libgcc.a(_mulsi3.o)
 .bss           0x00800094        0x0 c:/winavr-20100110/bin/../lib/gcc/avr/4.3.3/avr5\libgcc.a(_udivmodhi4.o)
 .bss           0x00800094        0x0 c:/winavr-20100110/bin/../lib/gcc/avr/4.3.3/avr5\libgcc.a(_udivmodsi4.o)
 .bss           0x00800094        0x0 c:/winavr-20100110/bin/../lib/gcc/avr/4.3.3/avr5\libgcc.a(_divmodsi4.o)
 .bss           0x00800094        0x0 c:/winavr-20100110/bin/../lib/gcc/avr/4.3.3/avr5\libgcc.a(_exit.o)
 .bss           0x00800094        0x0 c:/winavr-20100110/bin/../lib/gcc/avr/4.3.3/avr5\libgcc.a(_copy_data.o)
 .bss           0x00800094        0x0 c:/winavr-20100110/bin/../lib/gcc/avr/4.3.3/avr5\libgcc.a(_clear_bss.o)
 .bss           0x00800094        0x0 c:/winavr-20100110/bin/../lib/gcc/avr/4.3.3/avr5\libgcc.a(_fixunssfsi.o)
 .bss           0x00800094        0x0 c:/winavr-20100110/bin/../lib/gcc/avr/4.3.3/avr5\libgcc.a(_addsub_sf.o)
 .bss           0x00800094        0x0 c:/winavr-20100110/bin/../lib/gcc/avr/4.3.3/avr5\libgcc.a(_mul_sf.o)
 .bss           0x00800094        0x0 c:/winavr-20100110/bin/../lib/gcc/avr/4.3.3/avr5\libgcc.a(_gt_sf.o)
 .bss           0x00800094        0x0 c:/winavr-20100110/bin/../lib/gcc/avr/4.3.3/avr5\libgcc.a(_ge_sf.o)
 .bss           0x00800094        0x0 c:/winavr-20100110/bin/../lib/gcc/avr/4.3.3/avr5\libgcc.a(_lt_sf.o)
 .bss           0x00800094        0x0 c:/winavr-20100110/bin/../lib/gcc/avr/4.3.3/avr5\libgcc.a(_sf_to_si.o)
 .bss           0x00800094        0x0 c:/winavr-20100110/bin/../lib/gcc/avr/4.3.3/avr5\libgcc.a(_thenan_sf.o)
 .bss           0x00800094        0x0 c:/winavr-20100110/bin/../lib/gcc/avr/4.3.3/avr5\libgcc.a(_prologue.o)
 .bss           0x00800094        0x0 c:/winavr-20100110/bin/../lib/gcc/avr/4.3.3/avr5\libgcc.a(_epilogue.o)
 .bss           0x00800094        0x0 c:/winavr-20100110/bin/../lib/gcc/avr/4.3.3/avr5\libgcc.a(_pack_sf.o)
 .bss           0x00800094        0x0 c:/winavr-20100110/bin/../lib/gcc/avr/4.3.3/avr5\libgcc.a(_unpack_sf.o)
 .bss           0x00800094        0x0 c:/winavr-20100110/bin/../lib/gcc/avr/4.3.3/avr5\libgcc.a(_fpcmp_parts_sf.o)
 *(.bss*)
 .bss.TIMERS_pvCallBackFunc
                0x00800094       0x10 ./MCAL/6-TIMER/TIMER_program.o
 .bss.TIMER2_pvScheduleFunc
                0x008000a4        0x2 ./MCAL/6-TIMER/TIMER_program.o
 .bss.Local_u32Counter.1263
                0x008000a6        0x4 ./MCAL/6-TIMER/TIMER_program.o
 .bss.TIMER_u32ScheduleCompMatchCount
                0x008000aa        0x4 ./MCAL/6-TIMER/TIMER_program.o
 .bss.TIMER_u8ScheduleRepeatability
                0x008000ae        0x1 ./MCAL/6-TIMER/TIMER_program.o
 .bss.ADC_pu16Reading
                0x008000af        0x2 ./MCAL/5-ADC/ADC_program.o
 .bss.ADC_pvCallBackNotificationFunc
                0x008000b1        0x2 ./MCAL/5-ADC/ADC_program.o
 .bss.ADC_u8BusyState
                0x008000b3        0x1 ./MCAL/5-ADC/ADC_program.o
 .bss.ADC_psChain
                0x008000b4        0x2 ./MCAL/5-ADC/ADC_program.o
 .bss.ADC_u8ChainIndex
                0x008000b6        0x1 ./MCAL/5-ADC/ADC_program.o
 .bss.ADC_u8ConversionMode
                0x008000b7        0x1 ./MCAL/5-ADC/ADC_program.o
 .bss.EXTI_pvInt0Func
                0x008000b8        0x2 ./MCAL/3-EXTI/EXTI_program.o
                0x008000b8                EXTI_pvInt0Func
 .bss.EXTI_pvInt1Func
                0x008000ba        0x2 ./MCAL/3-EXTI/EXTI_program.o
                0x008000ba                EXTI_pvInt1Func
 .bss.EXTI_pvInt2Func
                0x008000bc        0x2 ./MCAL/3-EXTI/EXTI_program.o
                0x008000bc                EXTI_pvInt2Func
 *(COMMON)
                0x008000be                PROVIDE (__bss_end, .)
                0x00003a18                __data_load_start = LOADADDR (.data)
                0x00003a4c                __data_load_end = (__data_load_start + SIZEOF (.data))

.noinit         0x008000be        0x0
                0x008000be                PROVIDE (__noinit_start, .)
 *(.noinit*)
                0x008000be                PROVIDE (__noinit_end, .)
                0x008000be                _end = .
                0x008000be                PROVIDE (__heap_start, .)

.eeprom         0x00810000        0x0
 *(.eeprom*)
                0x00810000                __eeprom_end = .

.fuse
 *(.fuse)
 *(.lfuse)
 *(.hfuse)
 *(.efuse)

.lock
 *(.lock*)

.signature
 *(.signature*)

.stab           0x00000000     0x4254
 *(.stab)
 .stab          0x00000000      0x210 ./MCAL/7-WATCHDOG/WDT_program.o
 .stab          0x00000210     0x1aa0 ./MCAL/6-TIMER/TIMER_program.o
                               0x1aac (size before relaxing)
 .stab          0x00001cb0      0x75c ./MCAL/5-ADC/ADC_program.o
                                0x768 (size before relaxing)
 .stab          0x0000240c      0x1b0 ./MCAL/4-GIE/GIE_program.o
                                0x1bc (size before relaxing)
 .stab          0x000025bc      0x7d4 ./MCAL/3-EXTI/EXTI_program.o
                                0x7e0 (size before relaxing)
 .stab          0x00002d90      0x1d4 ./MCAL/2-PORT/PORT_program.o
                                0x1e0 (size before relaxing)
 .stab          0x00002f64      0x444 ./MCAL/1-DIO/DIO_Program.o
                                0x450 (size before relaxing)
 .stab          0x000033a8      0x2ac ./LIB/MATH_HELPER.o
                                0x2b8 (size before relaxing)
 .stab          0x00003654      0x2ac ./HAL/KPD/KPD_program.o
                                0x2b8 (size before relaxing)
 .stab          0x00003900      0x84c ./HAL/CLCD/CLCD_program.o
                                0x858 (size before relaxing)
 .stab          0x0000414c      0x108 ./main.o
                                0x114 (size before relaxing)

.stabstr        0x00000000     0x1a57
 *(.stabstr)
 .stabstr       0x00000000     0x1a57 ./MCAL/7-WATCHDOG/WDT_program.o

.stab.excl
 *(.stab.excl)

.stab.exclstr
 *(.stab.exclstr)

.stab.index
 *(.stab.index)

.stab.indexstr
 *(.stab.indexstr)

.comment
 *(.comment)

.debug
 *(.debug)

.line
 *(.line)

.debug_srcinfo
 *(.debug_srcinfo)

.debug_sfnames
 *(.debug_sfnames)

.debug_aranges  0x00000000      0x140
 *(.debug_aranges)
 .debug_aranges
                0x00000000       0x20 c:/winavr-20100110/bin/../lib/gcc/avr/4.3.3/avr5\libgcc.a(_fixunssfsi.o)
 .debug_aranges
                0x00000020       0x20 c:/winavr-20100110/bin/../lib/gcc/avr/4.3.3/avr5\libgcc.a(_addsub_sf.o)
 .debug_aranges
                0x00000040       0x20 c:/winavr-20100110/bin/../lib/gcc/avr/4.3.3/avr5\libgcc.a(_mul_sf.o)
 .debug_aranges
                0x00000060       0x20 c:/winavr-20100110/bin/../lib/gcc/avr/4.3.3/avr5\libgcc.a(_gt_sf.o)
 .debug_aranges
                0x00000080       0x20 c:/winavr-20100110/bin/../lib/gcc/avr/4.3.3/avr5\libgcc.a(_ge_sf.o)
 .debug_aranges
                0x000000a0       0x20 c:/winavr-20100110/bin/../lib/gcc/avr/4.3.3/avr5\libgcc.a(_lt_sf.o)
 .debug_aranges
                0x000000c0       0x20 c:/winavr-20100110/bin/../lib/gcc/avr/4.3.3/avr5\libgcc.a(_sf_to_si.o)
 .debug_aranges
                0x000000e0       0x20 c:/winavr-20100110/bin/../lib/gcc/avr/4.3.3/avr5\libgcc.a(_pack_sf.o)
 .debug_aranges
                0x00000100       0x20 c:/winavr-20100110/bin/../lib/gcc/avr/4.3.3/avr5\libgcc.a(_unpack_sf.o)
 .debug_aranges
                0x00000120       0x20 c:/winavr-20100110/bin/../lib/gcc/avr/4.3.3/avr5\libgcc.a(_fpcmp_parts_sf.o)

.debug_pubnames
                0x00000000      0x170
 *(.debug_pubnames)
 .debug_pubnames
                0x00000000       0x23 c:/winavr-20100110/bin/../lib/gcc/avr/4.3.3/avr5\libgcc.a(_fixunssfsi.o)
 .debug_pubnames
                0x00000023       0x2c c:/winavr-20100110/bin/../lib/gcc/avr/4.3.3/avr5\libgcc.a(_addsub_sf.o)
 .debug_pubnames
                0x0000004f       0x1f c:/winavr-20100110/bin/../lib/gcc/avr/4.3.3/avr5\libgcc.a(_mul_sf.o)
 .debug_pubnames
                0x0000006e       0x1e c:/winavr-20100110/bin/../lib/gcc/avr/4.3.3/avr5\libgcc.a(_gt_sf.o)
 .debug_pubnames
                0x0000008c       0x1e c:/winavr-20100110/bin/../lib/gcc/avr/4.3.3/avr5\libgcc.a(_ge_sf.o)
 .debug_pubnames
                0x000000aa       0x1e c:/winavr-20100110/bin/../lib/gcc/avr/4.3.3/avr5\libgcc.a(_lt_sf.o)
 .debug_pubnames
                0x000000c8       0x20 c:/winavr-20100110/bin/../lib/gcc/avr/4.3.3/avr5\libgcc.a(_sf_to_si.o)
 .debug_pubnames
                0x000000e8       0x22 c:/winavr-20100110/bin/../lib/gcc/avr/4.3.3/avr5\libgcc.a(_thenan_sf.o)
 .debug_pubnames
                0x0000010a       0x1f c:/winavr-20100110/bin/../lib/gcc/avr/4.3.3/avr5\libgcc.a(_pack_sf.o)
 .debug_pubnames
                0x00000129       0x21 c:/winavr-20100110/bin/../lib/gcc/avr/4.3.3/avr5\libgcc.a(_unpack_sf.o)
 .debug_pubnames
                0x0000014a       0x26 c:/winavr-20100110/bin/../lib/gcc/avr/4.3.3/avr5\libgcc.a(_fpcmp_parts_sf.o)

.debug_info     0x00000000     0x1c49
 *(.debug_info)
 .debug_info    0x00000000       0xb1 c:/winavr-20100110/bin/../lib/gcc/avr/4.3.3/avr5\libgcc.a(_fixunssfsi.o)
 .debug_info    0x000000b1      0x47a c:/winavr-20100110/bin/../lib/gcc/avr/4.3.3/avr5\libgcc.a(_addsub_sf.o)
 .debug_info    0x0000052b      0x485 c:/winavr-20100110/bin/../lib/gcc/avr/4.3.3/avr5\libgcc.a(_mul_sf.o)
 .debug_info    0x000009b0      0x27f c:/winavr-20100110/bin/../lib/gcc/avr/4.3.3/avr5\libgcc.a(_gt_sf.o)
 .debug_info    0x00000c2f      0x27f c:/winavr-20100110/bin/../lib/gcc/avr/4.3.3/avr5\libgcc.a(_ge_sf.o)
 .debug_info    0x00000eae      0x27f c:/winavr-20100110/bin/../lib/gcc/avr/4.3.3/avr5\libgcc.a(_lt_sf.o)
 .debug_info    0x0000112d      0x2b0 c:/winavr-20100110/bin/../lib/gcc/avr/4.3.3/avr5\libgcc.a(_sf_to_si.o)
 .debug_info    0x000013dd      0x12c c:/winavr-20100110/bin/../lib/gcc/avr/4.3.3/avr5\libgcc.a(_thenan_sf.o)
 .debug_info    0x00001509      0x2df c:/winavr-20100110/bin/../lib/gcc/avr/4.3.3/avr5\libgcc.a(_pack_sf.o)
 .debug_info    0x000017e8      0x251 c:/winavr-20100110/bin/../lib/gcc/avr/4.3.3/avr5\libgcc.a(_unpack_sf.o)
 .debug_info    0x00001a39      0x210 c:/winavr-20100110/bin/../lib/gcc/avr/4.3.3/avr5\libgcc.a(_fpcmp_parts_sf.o)
 *(.gnu.linkonce.wi.*)

.debug_abbrev   0x00000000      0xeeb
 *(.debug_abbrev)
 .debug_abbrev  0x00000000       0x5d c:/winavr-20100110/bin/../lib/gcc/avr/4.3.3/avr5\libgcc.a(_fixunssfsi.o)
 .debug_abbrev  0x0000005d      0x1ea c:/winavr-20100110/bin/../lib/gcc/avr/4.3.3/avr5\libgcc.a(_addsub_sf.o)
 .debug_abbrev  0x00000247      0x21b c:/winavr-20100110/bin/../lib/gcc/avr/4.3.3/avr5\libgcc.a(_mul_sf.o)
 .debug_abbrev  0x00000462      0x15a c:/winavr-20100110/bin/../lib/gcc/avr/4.3.3/avr5\libgcc.a(_gt_sf.o)
 .debug_abbrev  0x000005bc      0x15a c:/winavr-20100110/bin/../lib/gcc/avr/4.3.3/avr5\libgcc.a(_ge_sf.o)
 .debug_abbrev  0x00000716      0x15a c:/winavr-20100110/bin/../lib/gcc/avr/4.3.3/avr5\libgcc.a(_lt_sf.o)
 .debug_abbrev  0x00000870      0x17f c:/winavr-20100110/bin/../lib/gcc/avr/4.3.3/avr5\libgcc.a(_sf_to_si.o)
 .debug_abbrev  0x000009ef       0xad c:/winavr-20100110/bin/../lib/gcc/avr/4.3.3/avr5\libgcc.a(_thenan_sf.o)
 .debug_abbrev  0x00000a9c      0x1c0 c:/winavr-20100110/bin/../lib/gcc/avr/4.3.3/avr5\libgcc.a(_pack_sf.o)
 .debug_abbrev  0x00000c5c      0x154 c:/winavr-20100110/bin/../lib/gcc/avr/4.3.3/avr5\libgcc.a(_unpack_sf.o)
 .debug_abbrev  0x00000db0      0x13b c:/winavr-20100110/bin/../lib/gcc/avr/4.3.3/avr5\libgcc.a(_fpcmp_parts_sf.o)

.debug_line     0x00000000      0xdad
 *(.debug_line)
 .debug_line    0x00000000       0xa7 c:/winavr-20100110/bin/../lib/gcc/avr/4.3.3/avr5\libgcc.a(_fixunssfsi.o)
 .debug_line    0x000000a7      0x2af c:/winavr-20100110/bin/../lib/gcc/avr/4.3.3/avr5\libgcc.a(_addsub_sf.o)
 .debug_line    0x00000356      0x239 c:/winavr-20100110/bin/../lib/gcc/avr/4.3.3/avr5\libgcc.a(_mul_sf.o)
 .debug_line    0x0000058f       0xd3 c:/winavr-20100110/bin/../lib/gcc/avr/4.3.3/avr5\libgcc.a(_gt_sf.o)
 .debug_line    0x00000662       0xd3 c:/winavr-20100110/bin/../lib/gcc/avr/4.3.3/avr5\libgcc.a(_ge_sf.o)
 .debug_line    0x00000735       0xd3 c:/winavr-20100110/bin/../lib/gcc/avr/4.3.3/avr5\libgcc.a(_lt_sf.o)
 .debug_line    0x00000808      0x109 c:/winavr-20100110/bin/../lib/gcc/avr/4.3.3/avr5\libgcc.a(_sf_to_si.o)
 .debug_line    0x00000911       0x90 c:/winavr-20100110/bin/../lib/gcc/avr/4.3.3/avr5\libgcc.a(_thenan_sf.o)
 .debug_line    0x000009a1      0x18a c:/winavr-20100110/bin/../lib/gcc/avr/4.3.3/avr5\libgcc.a(_pack_sf.o)
 .debug_line    0x00000b2b      0x14b c:/winavr-20100110/bin/../lib/gcc/avr/4.3.3/avr5\libgcc.a(_unpack_sf.o)
 .debug_line    0x00000c76      0x137 c:/winavr-20100110/bin/../lib/gcc/avr/4.3.3/avr5\libgcc.a(_fpcmp_parts_sf.o)

.debug_frame    0x00000000      0x160
 *(.debug_frame)
 .debug_frame   0x00000000       0x20 c:/winavr-20100110/bin/../lib/gcc/avr/4.3.3/avr5\libgcc.a(_fixunssfsi.o)
 .debug_frame   0x00000020       0x40 c:/winavr-20100110/bin/../lib/gcc/avr/4.3.3/avr5\libgcc.a(_addsub_sf.o)
 .debug_frame   0x00000060       0x20 c:/winavr-20100110/bin/../lib/gcc/avr/4.3.3/avr5\libgcc.a(_mul_sf.o)
 .debug_frame   0x00000080       0x20 c:/winavr-20100110/bin/../lib/gcc/avr/4.3.3/avr5\libgcc.a(_gt_sf.o)
 .debug_frame   0x000000a0       0x20 c:/winavr-20100110/bin/../lib/gcc/avr/4.3.3/avr5\libgcc.a(_ge_sf.o)
 .debug_frame   0x000000c0       0x20 c:/winavr-20100110/bin/../lib/gcc/avr/4.3.3/avr5\libgcc.a(_lt_sf.o)
 .debug_frame   0x000000e0       0x20 c:/winavr-20100110/bin/../lib/gcc/avr/4.3.3/avr5\libgcc.a(_sf_to_si.o)
 .debug_frame   0x00000100       0x20 c:/winavr-20100110/bin/../lib/gcc/avr/4.3.3/avr5\libgcc.a(_pack_sf.o)
 .debug_frame   0x00000120       0x20 c:/winavr-20100110/bin/../lib/gcc/avr/4.3.3/avr5\libgcc.a(_unpack_sf.o)
 .debug_frame   0x00000140       0x20 c:/winavr-20100110/bin/../lib/gcc/avr/4.3.3/avr5\libgcc.a(_fpcmp_parts_sf.o)

.debug_str      0x00000000      0x28d
 *(.debug_str)
 .debug_str     0x00000000       0xbf c:/winavr-20100110/bin/../lib/gcc/avr/4.3.3/avr5\libgcc.a(_fixunssfsi.o)
                                 0xfe (size before relaxing)
 .debug_str     0x000000bf      0x14d c:/winavr-20100110/bin/../lib/gcc/avr/4.3.3/avr5\libgcc.a(_addsub_sf.o)
                                0x206 (size before relaxing)
 .debug_str     0x0000020c       0x27 c:/winavr-20100110/bin/../lib/gcc/avr/4.3.3/avr5\libgcc.a(_mul_sf.o)
                                0x1bf (size before relaxing)
 .debug_str     0x00000233        0xf c:/winavr-20100110/bin/../lib/gcc/avr/4.3.3/avr5\libgcc.a(_gt_sf.o)
                                0x195 (size before relaxing)
 .debug_str     0x00000242        0x8 c:/winavr-20100110/bin/../lib/gcc/avr/4.3.3/avr5\libgcc.a(_ge_sf.o)
                                0x195 (size before relaxing)
 .debug_str     0x0000024a        0x8 c:/winavr-20100110/bin/../lib/gcc/avr/4.3.3/avr5\libgcc.a(_lt_sf.o)
                                0x195 (size before relaxing)
 .debug_str     0x00000252        0xa c:/winavr-20100110/bin/../lib/gcc/avr/4.3.3/avr5\libgcc.a(_sf_to_si.o)
                                0x19e (size before relaxing)
 .debug_str     0x00000000      0x103 c:/winavr-20100110/bin/../lib/gcc/avr/4.3.3/avr5\libgcc.a(_thenan_sf.o)
 .debug_str     0x0000025c       0x16 c:/winavr-20100110/bin/../lib/gcc/avr/4.3.3/avr5\libgcc.a(_pack_sf.o)
                                0x19d (size before relaxing)
 .debug_str     0x00000272        0xb c:/winavr-20100110/bin/../lib/gcc/avr/4.3.3/avr5\libgcc.a(_unpack_sf.o)
                                0x17f (size before relaxing)
 .debug_str     0x0000027d       0x10 c:/winavr-20100110/bin/../lib/gcc/avr/4.3.3/avr5\libgcc.a(_fpcmp_parts_sf.o)
                                0x163 (size before relaxing)

.debug_loc      0x00000000      0x7ce
 *(.debug_loc)
 .debug_loc     0x00000000       0x34 c:/winavr-20100110/bin/../lib/gcc/avr/4.3.3/avr5\libgcc.a(_fixunssfsi.o)
 .debug_loc     0x00000034      0x32a c:/winavr-20100110/bin/../lib/gcc/avr/4.3.3/avr5\libgcc.a(_addsub_sf.o)
 .debug_loc     0x0000035e      0x104 c:/winavr-20100110/bin/../lib/gcc/avr/4.3.3/avr5\libgcc.a(_mul_sf.o)
 .debug_loc     0x00000462       0x3c c:/winavr-20100110/bin/../lib/gcc/avr/4.3.3/avr5\libgcc.a(_gt_sf.o)
 .debug_loc     0x0000049e       0x3c c:/winavr-20100110/bin/../lib/gcc/avr/4.3.3/avr5\libgcc.a(_ge_sf.o)
 .debug_loc     0x000004da       0x3c c:/winavr-20100110/bin/../lib/gcc/avr/4.3.3/avr5\libgcc.a(_lt_sf.o)
 .debug_loc     0x00000516       0x7e c:/winavr-20100110/bin/../lib/gcc/avr/4.3.3/avr5\libgcc.a(_sf_to_si.o)
 .debug_loc     0x00000594      0x13e c:/winavr-20100110/bin/../lib/gcc/avr/4.3.3/avr5\libgcc.a(_pack_sf.o)
 .debug_loc     0x000006d2       0xac c:/winavr-20100110/bin/../lib/gcc/avr/4.3.3/avr5\libgcc.a(_unpack_sf.o)
 .debug_loc     0x0000077e       0x50 c:/winavr-20100110/bin/../lib/gcc/avr/4.3.3/avr5\libgcc.a(_fpcmp_parts_sf.o)

.debug_macinfo
 *(.debug_macinfo)
OUTPUT(ABANOB_COTS.elf elf32-avr)
LOAD linker stubs

.debug_ranges   0x00000000       0x50
 .debug_ranges  0x00000000       0x50 c:/winavr-20100110/bin/../lib/gcc/avr/4.3.3/avr5\libgcc.a(_mul_sf.o)
